TAP version 13
# [buildSemanticGame] snapshot rejected: Game snapshot unavailable.
# [buildSemanticGame] snapshot rejected: Game snapshot unavailable.
# [buildSemanticGame] snapshot rejected: Game snapshot unavailable.
# [buildSemanticGame] snapshot rejected: Game snapshot unavailable.
# [buildSemanticGame] snapshot rejected: Game snapshot unavailable.
# [buildSemanticGame] snapshot rejected: Game snapshot unavailable.
# [buildSemanticGame] snapshot rejected: Game snapshot unavailable.
# [buildSemanticGame] snapshot rejected: Game snapshot unavailable.
# [buildSemanticGame] snapshot rejected: Game snapshot unavailable.
# [buildSemanticGame] snapshot rejected: Game snapshot unavailable.
# [buildSemanticGame] snapshot rejected: Game snapshot unavailable.
# [buildSemanticGame] snapshot rejected: Game snapshot unavailable.
# [buildSemanticGame] snapshot rejected: Game snapshot unavailable.
# [buildSemanticGame] snapshot rejected: Game snapshot unavailable.
# [buildSemanticGame] snapshot rejected: Game snapshot unavailable.
# [buildSemanticGame] snapshot rejected: Game snapshot unavailable.
# [buildSemanticGame] snapshot rejected: Game snapshot unavailable.
# [buildSemanticGame] snapshot rejected: Game snapshot unavailable.
# [buildSemanticGame] snapshot rejected: Game snapshot unavailable.
# [buildSemanticGame] snapshot rejected: Game snapshot unavailable.
# [buildSemanticGame] snapshot rejected: Game snapshot unavailable.
# [buildSemanticGame] snapshot rejected: Game snapshot unavailable.
# [buildSemanticGame] snapshot rejected: Game snapshot unavailable.
# [buildSemanticGame] snapshot rejected: Game snapshot unavailable.
# [buildSemanticGame] snapshot rejected: Game snapshot unavailable.
# [buildSemanticGame] snapshot rejected: Game snapshot unavailable.
# [buildSemanticGame] snapshot rejected: Game snapshot unavailable.
# [buildSemanticGame] snapshot rejected: Game snapshot unavailable.
# [buildSemanticGame] snapshot rejected: Game snapshot unavailable.
# [buildSemanticGame] snapshot rejected: Game snapshot unavailable.
# [buildSemanticGame] snapshot rejected: Game snapshot unavailable.
# [buildSemanticGame] snapshot rejected: Game snapshot unavailable.
# [buildSemanticGame] snapshot rejected: Game snapshot unavailable.
# [buildSemanticGame] snapshot rejected: Game snapshot unavailable.
# [buildSemanticGame] snapshot rejected: Game snapshot unavailable.
# [buildSemanticGame] snapshot rejected: Game snapshot unavailable.
# [buildSemanticGame] snapshot rejected: Game snapshot unavailable.
# [buildSemanticGame] snapshot rejected: Game snapshot unavailable.
# [buildSemanticGame] snapshot rejected: Game snapshot unavailable.
# [buildSemanticGame] snapshot rejected: Game snapshot unavailable.
# [buildSemanticGame] snapshot rejected: Game snapshot unavailable.
# [buildSemanticGame] snapshot rejected: Game snapshot unavailable.
# [buildSemanticGame] snapshot rejected: Game snapshot unavailable.
# [buildSemanticGame] snapshot rejected: Game snapshot unavailable.
# [buildSemanticGame] snapshot rejected: Game snapshot unavailable.
# [buildSemanticGame] snapshot rejected: Game snapshot unavailable.
# [buildSemanticGame] snapshot rejected: Game snapshot unavailable.
# [buildSemanticGame] snapshot rejected: Game snapshot unavailable.
# [buildSemanticGame] snapshot rejected: Game snapshot unavailable.
# [buildSemanticGame] snapshot rejected: Game snapshot unavailable.
# [buildSemanticGame] snapshot rejected: Game snapshot unavailable.
# [buildSemanticGame] snapshot rejected: Game snapshot unavailable.
# [buildSemanticGame] snapshot rejected: Game snapshot unavailable.
# [buildSemanticGame] snapshot rejected: Game snapshot unavailable.
# [buildSemanticGame] snapshot rejected: Game snapshot unavailable.
# [buildSemanticGame] snapshot rejected: Game snapshot unavailable.
# [buildSemanticGame] snapshot rejected: Game snapshot unavailable.
# Subtest: mountGameTable creates a host element and replaces container contents
ok 1 - mountGameTable creates a host element and replaces container contents
  ---
  duration_ms: 4.6879
  ...
# Subtest: mountGameTable returns an object with update and dispose methods
ok 2 - mountGameTable returns an object with update and dispose methods
  ---
  duration_ms: 1.7226
  ...
# Subtest: update forwards snapshots to the store without throwing on valid input
ok 3 - update forwards snapshots to the store without throwing on valid input
  ---
  duration_ms: 1.6837
  ...
# Subtest: update with readOnly option does not throw
ok 4 - update with readOnly option does not throw
  ---
  duration_ms: 1.2934
  ...
# Subtest: dispose is idempotent and does not throw on double disposal
ok 5 - dispose is idempotent and does not throw on double disposal
  ---
  duration_ms: 0.6987
  ...
# Subtest: update after dispose is a no-op and does not throw
ok 6 - update after dispose is a no-op and does not throw
  ---
  duration_ms: 0.401
  ...
# Subtest: mountGameTable with null snapshot does not throw
ok 7 - mountGameTable with null snapshot does not throw
  ---
  duration_ms: 0.3157
  ...
# Subtest: mountGameTable with malformed snapshot does not throw
ok 8 - mountGameTable with malformed snapshot does not throw
  ---
  duration_ms: 0.2593
  ...
# Subtest: mountGameTable does not call submit during initial mount or update
ok 9 - mountGameTable does not call submit during initial mount or update
  ---
  duration_ms: 0.9674
  ...
# Subtest: mountGameTable handles terminal snapshot without throwing
ok 10 - mountGameTable handles terminal snapshot without throwing
  ---
  duration_ms: 1.2899
  ...
# Subtest: mountGameTable handles AI_DECISION snapshot without throwing
ok 11 - mountGameTable handles AI_DECISION snapshot without throwing
  ---
  duration_ms: 0.7693
  ...
# Subtest: mountGameTable handles network OPPONENT_DECISION snapshot without throwing
ok 12 - mountGameTable handles network OPPONENT_DECISION snapshot without throwing
  ---
  duration_ms: 0.4116
  ...
# Subtest: mountGameTable preserves privacy — hostile private fields do not cause errors
ok 13 - mountGameTable preserves privacy — hostile private fields do not cause errors
  ---
  duration_ms: 0.3198
  ...
# Subtest: mountGameTable with readOnly option renders without throwing
ok 14 - mountGameTable with readOnly option renders without throwing
  ---
  duration_ms: 0.2853
  ...
# Subtest: multiple mount/dispose cycles do not leak hosts or throw
ok 15 - multiple mount/dispose cycles do not leak hosts or throw
  ---
  duration_ms: 0.7838
  ...
# Subtest: update with a new session boundary transitions the store cleanly
ok 16 - update with a new session boundary transitions the store cleanly
  ---
  duration_ms: 0.4605
  ...
# Subtest: skin option is accepted without throwing
ok 17 - skin option is accepted without throwing
  ---
  duration_ms: 0.7019
  ...
# Subtest: onSave and onInspect options are accepted without throwing
ok 18 - onSave and onInspect options are accepted without throwing
  ---
  duration_ms: 0.3277
  ...
# Subtest: mount bundle has no engine, canonical state, or session dependencies
ok 19 - mount bundle has no engine, canonical state, or session dependencies
  ---
  duration_ms: 0.7711
  ...
# [tactical-board] CSS load failed: Tactical styles unavailable
# [tactical-board] CSS load failed: Tactical styles unavailable
# [tactical-board] CSS load failed: Tactical styles unavailable
# [tactical-board] CSS load failed: Tactical styles unavailable
# [tactical-board] CSS load failed: Tactical styles unavailable
# [tactical-board] CSS load failed: Tactical styles unavailable
# [tactical-board] CSS load failed: Tactical styles unavailable
# [tactical-board] CSS load failed: Tactical styles unavailable
# [tactical-board] CSS load failed: Tactical styles unavailable
# [tactical-board] CSS load failed: Tactical styles unavailable
# [tactical-board] CSS load failed: Tactical styles unavailable
# [tactical-board] CSS load failed: Tactical styles unavailable
# [tactical-board] CSS load failed: Tactical styles unavailable
# [tactical-board] CSS load failed: Tactical styles unavailable
# [tactical-board] CSS load failed: Tactical styles unavailable
# [tactical-board] CSS load failed: Tactical styles unavailable
# [tactical-board] CSS load failed: Tactical styles unavailable
# [tactical-board] CSS load failed: Tactical styles unavailable
# [tactical-board] CSS load failed: Tactical styles unavailable
# [tactical-board] CSS load failed: Tactical styles unavailable
# [tactical-board] CSS load failed: Tactical styles unavailable
# [tactical-board] CSS load failed: Tactical styles unavailable
# [tactical-board] CSS load failed: Tactical styles unavailable
# [tactical-board] CSS load failed: Tactical styles unavailable
# [tactical-board] CSS load failed: Tactical styles unavailable
# [tactical-board] CSS load failed: Tactical styles unavailable
1..19
# tests 19
# suites 0
# pass 19
# fail 0
# cancelled 0
# skipped 0
# todo 0
# duration_ms 10283.1796
