TAP version 13
# Subtest: self-audit.json critical gates are all true (no false PASS)
ok 1 - self-audit.json critical gates are all true (no false PASS)
  ---
  duration_ms: 5.5877
  ...
# Subtest: self-audit.json schema version is 3.2.0 (generated by script, not hand-written)
ok 2 - self-audit.json schema version is 3.2.0 (generated by script, not hand-written)
  ---
  duration_ms: 1.3852
  ...
# Subtest: v0.25: canonical self-audit.json must not be in quick mode
ok 3 - v0.25: canonical self-audit.json must not be in quick mode
  ---
  duration_ms: 1.4103
  ...
# Subtest: v0.25: canonical self-audit.json must have provenance with labVersion and gitCommit
ok 4 - v0.25: canonical self-audit.json must have provenance with labVersion and gitCommit
  ---
  duration_ms: 1.3228
  ...
# Subtest: v0.25: canonical self-audit filesExecuted must cover the majority of test files
ok 5 - v0.25: canonical self-audit filesExecuted must cover the majority of test files
  ---
  duration_ms: 3.3151
  ...
# Subtest: v0.25: quick self-audit (if present) must be in self-audit.quick.json, not self-audit.json
ok 6 - v0.25: quick self-audit (if present) must be in self-audit.quick.json, not self-audit.json
  ---
  duration_ms: 4.0901
  ...
# Subtest: self-audit test count matches actual executed test count (BL-14 binding)
ok 7 - self-audit test count matches actual executed test count (BL-14 binding)
  ---
  duration_ms: 180.0959
  ...
# Subtest: self-audit generatedBy version matches package.json version (prevents version drift)
ok 8 - self-audit generatedBy version matches package.json version (prevents version drift)
  ---
  duration_ms: 2.1889
  ...
# Subtest: self-audit certification count agrees with self-audit count (BL-15 binding)
ok 9 - self-audit certification count agrees with self-audit count (BL-15 binding)
  ---
  duration_ms: 2.1551
  ...
# Subtest: self-audit is not a static-only check — negative control: tampered audit must fail
ok 10 - self-audit is not a static-only check — negative control: tampered audit must fail
  ---
  duration_ms: 3.056
  ...
# Subtest: self-audit.json unaccounted must be 0 (v0.24.2 truth closure)
ok 11 - self-audit.json unaccounted must be 0 (v0.24.2 truth closure)
  ---
  duration_ms: 1.5636
  ...
# Subtest: self-audit.json has testAccountingReconciled critical gate (v0.24.2)
ok 12 - self-audit.json has testAccountingReconciled critical gate (v0.24.2)
  ---
  duration_ms: 1.0278
  ...
# Subtest: self-audit: synthetic accounting mismatch cannot produce PASS (v0.24.2 regression)
ok 13 - self-audit: synthetic accounting mismatch cannot produce PASS (v0.24.2 regression)
  ---
  duration_ms: 0.1639
  ...
# Subtest: Phase 1.3: self-audit provenance binds to current HEAD (not stale commit)
ok 14 - Phase 1.3: self-audit provenance binds to current HEAD (not stale commit)
  ---
  duration_ms: 1.1389
  ...
# Subtest: Phase 1.3: self-audit includes processStatus and processTerminatedNormally gate
ok 15 - Phase 1.3: self-audit includes processStatus and processTerminatedNormally gate
  ---
  duration_ms: 2.3194
  ...
# Subtest: Phase 1.3: self-audit filesExecuted counts completed files, not scheduled
ok 16 - Phase 1.3: self-audit filesExecuted counts completed files, not scheduled
  ---
  duration_ms: 1.4379
  ...
1..16
# tests 16
# suites 0
# pass 16
# fail 0
# cancelled 0
# skipped 0
# todo 0
# duration_ms 313.986
