SEGMENT RESUME PASS: workers-2 0-25
SEGMENT RESUME PASS: workers-2 25-50
SEGMENT RESUME PASS: workers-2 50-75
SEGMENT RESUME PASS: workers-2 75-100
SEGMENT RESUME PASS: workers-4 0-25
SEGMENT RESUME PASS: workers-4 25-50
SEGMENT RESUME PASS: workers-4 50-75
SEGMENT RESUME PASS: workers-4 75-100
SEGMENT RESUME PASS: workers-4-clean-rerun 0-25
SEGMENT RESUME PASS: workers-4-clean-rerun 25-50
SEGMENT RESUME PASS: workers-4-clean-rerun 50-75
SEGMENT RESUME PASS: workers-4-clean-rerun 75-100
REPLAY CACHE RESUME: M-747a86ab6d242e18ef26
REPLAY CACHE RESUME: M-e6232f628721b222f51b
REPLAY CACHE RESUME: M-9534233fc5d4a8c7b7e4
REPLAY CACHE RESUME: M-eb187f62c3bb6b78775d
REPLAY CACHE RESUME: M-17e40a5fe518ba7cae06
REPLAY CACHE RESUME: M-224431a1300a6d816c26
REPLAY CACHE RESUME: M-db2747fe96c69d7cf38c
REPLAY CACHE RESUME: M-757821cad56fe10a9776
REPLAY CACHE RESUME: M-21c5d3ca679c713d63b7
REPLAY CACHE RESUME: M-f9c73839f083cc90a09e
REPLAY CACHE RESUME: M-be2e4cbf8f301ff10f54
REPLAY CACHE RESUME: M-05edbad52785f1812361
REPLAY CACHE RESUME: M-7ef93f80b3616f0ca410
REPLAY CACHE RESUME: M-8957653263b088a5132c
REPLAY CACHE RESUME: M-884ddbda7e44cc12f989
REPLAY CACHE RESUME: M-eba0906cb8036550c91d
REPLAY CACHE RESUME: M-cd25ec199782b7ba1b40
REPLAY CACHE RESUME: M-4c4d775df4722679823b
REPLAY CACHE RESUME: M-e8600ad264923a82ecc8
REPLAY CACHE RESUME: M-42ebd306da170304d8bd
REPLAY CACHE RESUME: M-125be95ef7eeff414506
REPLAY CACHE RESUME: M-9bd876ba458c1dd2baeb
REPLAY CACHE RESUME: M-a7dd9ee5d02ac88d8e03
REPLAY CACHE RESUME: M-a28e6a04f869464c42b4
REPLAY CACHE RESUME: M-8050eb89dd81bf5a9006
REPLAY CACHE RESUME: M-eeff85139f637b6b8a5f
REPLAY CACHE RESUME: M-e7dfc894f6b15268d19d
REPLAY CACHE RESUME: M-756942e3e46b9853101d
{
  "status": "PASS",
  "matchCount": 100,
  "completed": 100,
  "aborts": 0,
  "experimentHash": "550651e5fb7ff43ed7209444dc0c8c7dd14ec8d3bc5e8e2573064a01e7459a9c",
  "canonicalResultHash": "5b98bc4e35207de2fb630ab5042e8987204fcf072b7429a70879c100ad0cb158",
  "aggregateHash": "20e6bce99d63b76e8a6077ba22b2de16b803d4b42ec079703b48859944fb0801",
  "retainedReplayCount": 28
}
