SEGMENT PASS: 0-25; workers=2; matches=25; status=PASS; accounting=true
SEGMENT PASS: 25-50; workers=2; matches=25; status=PASS; accounting=true
SEGMENT PASS: 50-75; workers=2; matches=25; status=PASS; accounting=true
SEGMENT PASS: 75-100; workers=2; matches=25; status=PASS; accounting=true
SEGMENT PASS: 0-25; workers=4; matches=25; status=PASS; accounting=true
SEGMENT PASS: 25-50; workers=4; matches=25; status=PASS; accounting=true
SEGMENT PASS: 50-75; workers=4; matches=25; status=PASS; accounting=true
SEGMENT PASS: 75-100; workers=4; matches=25; status=PASS; accounting=true
SEGMENT PASS: 0-25; workers=4; matches=25; status=PASS; accounting=true
SEGMENT PASS: 25-50; workers=4; matches=25; status=PASS; accounting=true
SEGMENT PASS: 50-75; workers=4; matches=25; status=PASS; accounting=true
SEGMENT PASS: 75-100; workers=4; matches=25; status=PASS; accounting=true
REPLAY CACHE PASS: M-db5607576bcf3b736ffa
REPLAY CACHE PASS: M-b0dd67cb0fc8c38d360a
REPLAY CACHE PASS: M-0c51bfc9af877181fef8
REPLAY CACHE PASS: M-96f8d6e0671f6b0113e7
REPLAY CACHE PASS: M-30c7b7fc93bdce116200
REPLAY CACHE PASS: M-32554c52e72828ec4e65
REPLAY CACHE PASS: M-9d6b12cca4bdf92bff4c
REPLAY CACHE PASS: M-d1a23cd84bc78a2f1de1
REPLAY CACHE PASS: M-624f89fb8bc71556beb0
REPLAY CACHE PASS: M-a0ed6f03c5863b110f63
REPLAY CACHE PASS: M-348575694781a826f21d
REPLAY CACHE PASS: M-b972031865852375adaa
REPLAY CACHE PASS: M-b5ca80ea2f84b0b1c968
REPLAY CACHE PASS: M-653957a150e2bbe13efd
REPLAY CACHE PASS: M-8a09cd80ff1466ddd042
REPLAY CACHE PASS: M-ba6b3f739cb83ce568b4
REPLAY CACHE PASS: M-13035780fb6e9e2f1a22
REPLAY CACHE PASS: M-1ca33d2d2d48a983db4b
REPLAY CACHE PASS: M-ccfa8161e4a2a20a0d29
REPLAY CACHE PASS: M-3f690a23544e3a5a151b
REPLAY CACHE PASS: M-3cb26d19e3fc6947ff94
REPLAY CACHE PASS: M-78ef191b510e1ed753d3
REPLAY CACHE PASS: M-9680ef5649d09a8ca5df
REPLAY CACHE PASS: M-0ba5698b7a6a819cd6ac
REPLAY CACHE PASS: M-e4742667834eae5d28bf
REPLAY CACHE PASS: M-ffd345581590ac0686c7
REPLAY CACHE PASS: M-0bf010ae401cee49e3e5
REPLAY CACHE PASS: M-9f16b0986a688f6f8b2d
REPLAY CACHE PASS: M-377151b355ce345b328a
REPLAY CACHE PASS: M-6e64c0549395a2f50b89
REPLAY CACHE PASS: M-2e89978c2a9446919af9
{
  "status": "PASS",
  "matchCount": 100,
  "completed": 100,
  "aborts": 0,
  "experimentHash": "be54c0ae1fda1163969464cba77aba287b95369ac210b158fa01cdbecb4913eb",
  "canonicalResultHash": "989cac9d0fa5fe913b6b11a8557329ab1e5cb2d24ffaf683d3b1209bbfe3f2b9",
  "aggregateHash": "0a171972fdecc1b23855d11bda6e70c369ea4eb9b047b7a3f3b97809cad9c1f1",
  "retainedReplayCount": 31
}
