
> intrilex-simulation-lab@0.18.0 lint H:\myProjects\Intrilex-dev2
> eslint apps/lab-web/src/**/*.js packages/**/*.mjs scripts/**/*.mjs test/**/*.mjs


H:\myProjects\Intrilex-dev2\apps\lab-web\src\anchor.js
  232:60  warning  'restoredAuthority' is defined but never used. Allowed unused args must match /^_/u  no-unused-vars

H:\myProjects\Intrilex-dev2\apps\lab-web\src\app.js
   6:10   warning  'cardFaceRegistryMeta' is defined but never used. Allowed unused vars must match /^_/u      no-unused-vars
   6:48   warning  'renderCardGallery' is defined but never used. Allowed unused vars must match /^_/u         no-unused-vars
   7:10   warning  'listAuthoritativeCards' is defined but never used. Allowed unused vars must match /^_/u    no-unused-vars
   9:10   warning  'LAB_VERSION' is defined but never used. Allowed unused vars must match /^_/u               no-unused-vars
   9:23   warning  'ENGINE_VERSION' is defined but never used. Allowed unused vars must match /^_/u            no-unused-vars
   9:39   warning  'RULES_VERSION' is defined but never used. Allowed unused vars must match /^_/u             no-unused-vars
  10:86   warning  'fmt' is defined but never used. Allowed unused vars must match /^_/u                       no-unused-vars
  10:91   warning  'pct' is defined but never used. Allowed unused vars must match /^_/u                       no-unused-vars
  10:96   warning  'short' is defined but never used. Allowed unused vars must match /^_/u                     no-unused-vars
  10:110  warning  'definitionList' is defined but never used. Allowed unused vars must match /^_/u            no-unused-vars
  10:126  warning  'data' is defined but never used. Allowed unused vars must match /^_/u                      no-unused-vars
  10:132  warning  'text' is defined but never used. Allowed unused vars must match /^_/u                      no-unused-vars
  10:138  warning  'showLoading' is defined but never used. Allowed unused vars must match /^_/u               no-unused-vars
  11:10   warning  'WORKSPACES' is defined but never used. Allowed unused vars must match /^_/u                no-unused-vars
  11:76   warning  'renderNavigation' is defined but never used. Allowed unused vars must match /^_/u          no-unused-vars
  12:28   warning  'loadAuthorized' is defined but never used. Allowed unused vars must match /^_/u            no-unused-vars
  12:44   warning  'loadTraceIndex' is defined but never used. Allowed unused vars must match /^_/u            no-unused-vars
  13:10   warning  'renderExperimentControls' is defined but never used. Allowed unused vars must match /^_/u  no-unused-vars
  13:36   warning  'bindGlobal' is defined but never used. Allowed unused vars must match /^_/u                no-unused-vars
  14:10   warning  'showIntegrity' is defined but never used. Allowed unused vars must match /^_/u             no-unused-vars
  17:26   warning  'runPairedCounterfactual' is defined but never used. Allowed unused vars must match /^_/u   no-unused-vars

H:\myProjects\Intrilex-dev2\apps\lab-web\src\autonomy-runtime.js
   14:50    warning  'classifyPlayForm' is defined but never used. Allowed unused vars must match /^_/u             no-unused-vars
   14:68    warning  'CANONICAL_RANKS' is defined but never used. Allowed unused vars must match /^_/u              no-unused-vars
   63:7     warning  'MINI_TURN_FAMILIES' is assigned a value but never used. Allowed unused vars must match /^_/u  no-unused-vars
  116:24    warning  'decisions' is assigned a value but never used. Allowed unused vars must match /^_/u           no-unused-vars
  116:1836  warning  'responseDecisions' is assigned a value but never used. Allowed unused vars must match /^_/u   no-unused-vars

H:\myProjects\Intrilex-dev2\apps\lab-web\src\browser-analytics.js
   70:103  warning  'viewerMode' is assigned a value but never used. Allowed unused args must match /^_/u    no-unused-vars
  161:91   warning  'legalActions' is assigned a value but never used. Allowed unused args must match /^_/u  no-unused-vars

H:\myProjects\Intrilex-dev2\apps\lab-web\src\data-loader.js
  5:42  warning  'app' is defined but never used. Allowed unused vars must match /^_/u          no-unused-vars
  5:76  warning  'showLoading' is defined but never used. Allowed unused vars must match /^_/u  no-unused-vars

H:\myProjects\Intrilex-dev2\apps\lab-web\src\decision-intelligence.js
    4:3   warning  'ANCHOR_SCHEMA_VERSION' is defined but never used. Allowed unused vars must match /^_/u          no-unused-vars
    5:3   warning  'REQUIRED_ANCHOR_FIELDS' is defined but never used. Allowed unused vars must match /^_/u         no-unused-vars
    6:3   warning  'isFullHash' is defined but never used. Allowed unused vars must match /^_/u                     no-unused-vars
    7:3   warning  'reconcileLegacyCheckpointHash' is defined but never used. Allowed unused vars must match /^_/u  no-unused-vars
   10:3   warning  'verifiedAnchorHash' is defined but never used. Allowed unused vars must match /^_/u             no-unused-vars
  197:20  warning  'checkpointHash' is assigned a value but never used. Allowed unused vars must match /^_/u        no-unused-vars

H:\myProjects\Intrilex-dev2\apps\lab-web\src\experiment-controls.js
  31:9  warning  'p' is assigned a value but never used. Allowed unused vars must match /^_/u  no-unused-vars

H:\myProjects\Intrilex-dev2\apps\lab-web\src\integrity.js
  5:17  warning  'esc' is defined but never used. Allowed unused vars must match /^_/u  no-unused-vars

H:\myProjects\Intrilex-dev2\apps\lab-web\src\play\action-presenter.js
  336:11  warning  'top' is assigned a value but never used. Allowed unused vars must match /^_/u  no-unused-vars

H:\myProjects\Intrilex-dev2\apps\lab-web\src\play\ai-personality.js
  121:47  warning  'policyId' is defined but never used. Allowed unused args must match /^_/u  no-unused-vars

H:\myProjects\Intrilex-dev2\apps\lab-web\src\play\authority\legal-action-adapter.js
  10:10  warning  'classifyDecisionKind' is defined but never used. Allowed unused vars must match /^_/u  no-unused-vars
  10:32  warning  'isResponseFamily' is defined but never used. Allowed unused vars must match /^_/u      no-unused-vars
  10:50  warning  'isExhaustedPass' is defined but never used. Allowed unused vars must match /^_/u       no-unused-vars
  10:67  warning  'isResponseDecline' is defined but never used. Allowed unused vars must match /^_/u     no-unused-vars

H:\myProjects\Intrilex-dev2\apps\lab-web\src\play\intelligence\action-explanation.js
   13:10  warning  'getReasonCode' is defined but never used. Allowed unused vars must match /^_/u             no-unused-vars
   14:50  warning  'getSuperEffectId' is defined but never used. Allowed unused vars must match /^_/u          no-unused-vars
  117:64  warning  'rankAnatomyData' is assigned a value but never used. Allowed unused args must match /^_/u  no-unused-vars

H:\myProjects\Intrilex-dev2\apps\lab-web\src\play\orchestration\declaration-flow.js
   11:10  warning  'buildLegalActionContract' is defined but never used. Allowed unused vars must match /^_/u  no-unused-vars
   11:36  warning  'filterBySourceCard' is defined but never used. Allowed unused vars must match /^_/u        no-unused-vars
  220:32  warning  'flow' is defined but never used. Allowed unused args must match /^_/u                      no-unused-vars
  230:20  warning  'flow' is defined but never used. Allowed unused args must match /^_/u                      no-unused-vars

H:\myProjects\Intrilex-dev2\apps\lab-web\src\play\play-app.js
   10:39   warning  'deleteSave' is defined but never used. Allowed unused vars must match /^_/u             no-unused-vars
   15:10   warning  'createDeclarationFlow' is defined but never used. Allowed unused vars must match /^_/u  no-unused-vars
   15:33   warning  'selectSourceCard' is defined but never used. Allowed unused vars must match /^_/u       no-unused-vars
   15:51   warning  'selectAction' is defined but never used. Allowed unused vars must match /^_/u           no-unused-vars
   15:65   warning  'selectTarget' is defined but never used. Allowed unused vars must match /^_/u           no-unused-vars
   15:79   warning  'moveToConfirmation' is defined but never used. Allowed unused vars must match /^_/u     no-unused-vars
   15:99   warning  'cancelDeclaration' is defined but never used. Allowed unused vars must match /^_/u      no-unused-vars
   15:118  warning  'buildSubmission' is defined but never used. Allowed unused vars must match /^_/u        no-unused-vars
   15:135  warning  'handleRejection' is defined but never used. Allowed unused vars must match /^_/u        no-unused-vars
   15:152  warning  'handleAccepted' is defined but never used. Allowed unused vars must match /^_/u         no-unused-vars
   15:168  warning  'isSubmittable' is defined but never used. Allowed unused vars must match /^_/u          no-unused-vars
   15:183  warning  'needsTargetSelection' is defined but never used. Allowed unused vars must match /^_/u   no-unused-vars
   16:10   warning  'mapToLifecycleState' is defined but never used. Allowed unused vars must match /^_/u    no-unused-vars
   16:31   warning  'lifecycleStateLabel' is defined but never used. Allowed unused vars must match /^_/u    no-unused-vars
   17:25   warning  'reasonShortText' is defined but never used. Allowed unused vars must match /^_/u        no-unused-vars
  104:41   warning  'e' is defined but never used. Allowed unused args must match /^_/u                      no-unused-vars
  381:9    warning  'token' is assigned a value but never used. Allowed unused vars must match /^_/u         no-unused-vars

H:\myProjects\Intrilex-dev2\apps\lab-web\src\play\play-controller.js
   18:3   warning  'SAVE_REASON_CODES' is defined but never used. Allowed unused vars must match /^_/u                  no-unused-vars
  135:35  warning  'index' is defined but never used. Allowed unused args must match /^_/u                              no-unused-vars
  175:11  warning  'lastEvents' is assigned a value but never used. Allowed unused vars must match /^_/u                no-unused-vars
  614:11  warning  'candidateDecisionJournal' is assigned a value but never used. Allowed unused vars must match /^_/u  no-unused-vars
  615:11  warning  'candidateCommandLog' is assigned a value but never used. Allowed unused vars must match /^_/u       no-unused-vars
  616:9   warning  'candidateDecisionIndex' is assigned a value but never used. Allowed unused vars must match /^_/u    no-unused-vars
  617:9   warning  'candidateStateRevision' is assigned a value but never used. Allowed unused vars must match /^_/u    no-unused-vars

H:\myProjects\Intrilex-dev2\apps\lab-web\src\play\play-particles.js
  247:9   warning  'timestamp' is defined but never used. Allowed unused args must match /^_/u  no-unused-vars
  307:21  error    'ctx.fillStyle' is assigned to itself                                        no-self-assign

H:\myProjects\Intrilex-dev2\apps\lab-web\src\play\play-privacy.js
  86:49  warning  'opaqueSecret' is defined but never used. Allowed unused args must match /^_/u  no-unused-vars

H:\myProjects\Intrilex-dev2\apps\lab-web\src\play\replay-library.js
    8:34  warning  'getReplay' is defined but never used. Allowed unused vars must match /^_/u         no-unused-vars
    8:45  warning  'deleteReplay' is defined but never used. Allowed unused vars must match /^_/u      no-unused-vars
  141:48  warning  'options' is assigned a value but never used. Allowed unused args must match /^_/u  no-unused-vars

H:\myProjects\Intrilex-dev2\apps\lab-web\src\play\state\session-lease.js
  181:37  warning  'sessionId' is defined but never used. Allowed unused args must match /^_/u  no-unused-vars

H:\myProjects\Intrilex-dev2\apps\lab-web\src\play\tutorial-runtime.js
  242:27  warning  'eventType' is defined but never used. Allowed unused args must match /^_/u  no-unused-vars

H:\myProjects\Intrilex-dev2\apps\lab-web\src\rulebook-renderer.js
  224:9  warning  'parts' is assigned a value but never used. Allowed unused vars must match /^_/u     no-unused-vars
  225:9  warning  'sections' is assigned a value but never used. Allowed unused vars must match /^_/u  no-unused-vars

H:\myProjects\Intrilex-dev2\apps\lab-web\src\state.js
   9:9   warning  'el' is assigned a value but never used. Allowed unused vars must match /^_/u  no-unused-vars
  65:54  warning  'summaries' is defined but never used. Allowed unused args must match /^_/u    no-unused-vars

H:\myProjects\Intrilex-dev2\apps\lab-web\src\workspaces\branches.js
  5:27  warning  'fmt' is defined but never used. Allowed unused vars must match /^_/u    no-unused-vars
  5:37  warning  'short' is defined but never used. Allowed unused vars must match /^_/u  no-unused-vars

H:\myProjects\Intrilex-dev2\apps\lab-web\src\workspaces\evidence.js
  5:27  warning  'fmt' is defined but never used. Allowed unused vars must match /^_/u          no-unused-vars
  5:32  warning  'pct' is defined but never used. Allowed unused vars must match /^_/u          no-unused-vars
  6:10  warning  'LAB_VERSION' is defined but never used. Allowed unused vars must match /^_/u  no-unused-vars

H:\myProjects\Intrilex-dev2\apps\lab-web\src\workspaces\observatory.js
    7:10  warning  'cardFaceRegistryMeta' is defined but never used. Allowed unused vars must match /^_/u  no-unused-vars
    7:48  warning  'renderCardGallery' is defined but never used. Allowed unused vars must match /^_/u     no-unused-vars
    8:34  warning  'getCardDefinition' is defined but never used. Allowed unused vars must match /^_/u     no-unused-vars
  104:9   warning  'filterKind' is assigned a value but never used. Allowed unused vars must match /^_/u   no-unused-vars
  105:9   warning  'filterPhase' is assigned a value but never used. Allowed unused vars must match /^_/u  no-unused-vars

H:\myProjects\Intrilex-dev2\apps\lab-web\src\workspaces\ranks.js
   5:27  warning  'fmt' is defined but never used. Allowed unused vars must match /^_/u         no-unused-vars
   5:32  warning  'pct' is defined but never used. Allowed unused vars must match /^_/u         no-unused-vars
  33:11  warning  'r' is assigned a value but never used. Allowed unused vars must match /^_/u  no-unused-vars

H:\myProjects\Intrilex-dev2\apps\lab-web\src\workspaces\ranks\rank-anatomy-workspace.js
  109:9   warning  'power' is assigned a value but never used. Allowed unused vars must match /^_/u      no-unused-vars
  136:33  warning  'va' is defined but never used. Allowed unused args must match /^_/u                  no-unused-vars
  142:9   warning  'power' is assigned a value but never used. Allowed unused vars must match /^_/u      no-unused-vars
  167:42  warning  'va' is defined but never used. Allowed unused args must match /^_/u                  no-unused-vars
  299:43  warning  'va' is defined but never used. Allowed unused args must match /^_/u                  no-unused-vars
  311:11  warning  'tierLabel' is assigned a value but never used. Allowed unused vars must match /^_/u  no-unused-vars
  407:50  warning  'va' is defined but never used. Allowed unused args must match /^_/u                  no-unused-vars

H:\myProjects\Intrilex-dev2\packages\analytics\src\analytics.mjs
   17:3  warning  'resolveMechanicId' is defined but never used. Allowed unused vars must match /^_/u       no-unused-vars
  131:9  warning  'tagValidation' is assigned a value but never used. Allowed unused vars must match /^_/u  no-unused-vars
  132:9  warning  'quarantined' is assigned a value but never used. Allowed unused vars must match /^_/u    no-unused-vars

H:\myProjects\Intrilex-dev2\packages\analytics\src\extract.mjs
  2:36  warning  'METRIC_REGISTRY' is defined but never used. Allowed unused vars must match /^_/u  no-unused-vars

H:\myProjects\Intrilex-dev2\packages\analytics\src\rank-integration.mjs
   10:27  warning  'parseIdentity' is defined but never used. Allowed unused vars must match /^_/u                 no-unused-vars
   19:3   warning  'superEffectsForRank' is defined but never used. Allowed unused vars must match /^_/u           no-unused-vars
   20:3   warning  'isSuperEffectAvailable' is defined but never used. Allowed unused vars must match /^_/u        no-unused-vars
   23:3   warning  'UNRESTRICTED_CORE_PROFILE_ID' is defined but never used. Allowed unused vars must match /^_/u  no-unused-vars
   24:3   warning  'ALL_CORE_PROFILES' is defined but never used. Allowed unused vars must match /^_/u             no-unused-vars
   25:3   warning  'ENTITY_TIER' is defined but never used. Allowed unused vars must match /^_/u                   no-unused-vars
   41:3   warning  'applyVariantDraw' is defined but never used. Allowed unused vars must match /^_/u              no-unused-vars
  131:9   warning  'rankCounters' is assigned a value but never used. Allowed unused vars must match /^_/u         no-unused-vars
  141:11  warning  'matchId' is assigned a value but never used. Allowed unused vars must match /^_/u              no-unused-vars
  142:11  warning  'participants' is assigned a value but never used. Allowed unused vars must match /^_/u         no-unused-vars
  143:11  warning  'outcome' is assigned a value but never used. Allowed unused vars must match /^_/u              no-unused-vars
  543:11  warning  'matchId' is assigned a value but never used. Allowed unused vars must match /^_/u              no-unused-vars
  711:53  warning  'variantKeys' is defined but never used. Allowed unused args must match /^_/u                   no-unused-vars

H:\myProjects\Intrilex-dev2\packages\decision-intelligence\src\anchor.mjs
  232:60  warning  'restoredAuthority' is defined but never used. Allowed unused args must match /^_/u  no-unused-vars

H:\myProjects\Intrilex-dev2\packages\decision-intelligence\src\counterfactual.mjs
  76:9  warning  'unsupportedCount' is assigned a value but never used. Allowed unused vars must match /^_/u  no-unused-vars
  77:9  warning  'missingCount' is assigned a value but never used. Allowed unused vars must match /^_/u      no-unused-vars

H:\myProjects\Intrilex-dev2\packages\decision-intelligence\src\decision-trace.mjs
   2:10   warning  'REASON_CODE_VOCABULARY' is defined but never used. Allowed unused vars must match /^_/u  no-unused-vars
   3:10   warning  'MECHANIC_REGISTRY' is defined but never used. Allowed unused vars must match /^_/u       no-unused-vars
   3:118  warning  'mechanicCategory' is defined but never used. Allowed unused vars must match /^_/u        no-unused-vars
  14:39   warning  'legalActions' is defined but never used. Allowed unused args must match /^_/u            no-unused-vars
  74:60   warning  'rawScore' is defined but never used. Allowed unused args must match /^_/u                no-unused-vars

H:\myProjects\Intrilex-dev2\packages\game-ai\src\agent.mjs
   17:44  warning  'shouldUseFullAI' is defined but never used. Allowed unused vars must match /^_/u          no-unused-vars
   82:9   warning  'rng' is assigned a value but never used. Allowed unused vars must match /^_/u             no-unused-vars
   85:7   warning  'lastWorldState' is assigned a value but never used. Allowed unused vars must match /^_/u  no-unused-vars
   86:7   warning  'lastBotState' is assigned a value but never used. Allowed unused vars must match /^_/u    no-unused-vars
  713:10  warning  'scoreLegalAction' is defined but never used. Allowed unused vars must match /^_/u         no-unused-vars
  713:41  warning  'context' is defined but never used. Allowed unused args must match /^_/u                  no-unused-vars

H:\myProjects\Intrilex-dev2\packages\game-ai\src\cognition.mjs
  204:81  warning  'tick' is defined but never used. Allowed unused args must match /^_/u                    no-unused-vars
  338:11  warning  'cooldownTicks' is assigned a value but never used. Allowed unused vars must match /^_/u  no-unused-vars
  401:32  warning  'perceived' is defined but never used. Allowed unused args must match /^_/u               no-unused-vars
  405:41  warning  'coordination' is defined but never used. Allowed unused args must match /^_/u            no-unused-vars

H:\myProjects\Intrilex-dev2\packages\game-ai\src\coordination.mjs
   42:31  warning  'callout' is defined but never used. Allowed unused args must match /^_/u    no-unused-vars
  139:44  warning  'perceived' is defined but never used. Allowed unused args must match /^_/u  no-unused-vars
  147:53  warning  'perceived' is defined but never used. Allowed unused args must match /^_/u  no-unused-vars

H:\myProjects\Intrilex-dev2\packages\game-ai\src\failsafe.mjs
  24:57  warning  'tick' is defined but never used. Allowed unused args must match /^_/u  no-unused-vars

H:\myProjects\Intrilex-dev2\packages\game-ai\src\memory.mjs
  14:45  warning  'seed' is defined but never used. Allowed unused args must match /^_/u  no-unused-vars

H:\myProjects\Intrilex-dev2\packages\game-ai\src\policy-adapter.mjs
  14:29  warning  'ARCHETYPE_TO_SCORING_POLICY' is defined but never used. Allowed unused vars must match /^_/u  no-unused-vars

H:\myProjects\Intrilex-dev2\packages\policies\src\index.mjs
  2:29  warning  'selectPolicyAction' is defined but never used. Allowed unused vars must match /^_/u  no-unused-vars

H:\myProjects\Intrilex-dev2\packages\policies\test\smoke.test.mjs
   3:64  warning  'rankPolicyActions' is defined but never used. Allowed unused vars must match /^_/u  no-unused-vars
  24:95  warning  'n' is defined but never used. Allowed unused args must match /^_/u                  no-unused-vars

H:\myProjects\Intrilex-dev2\packages\simulation-runtime\src\counterfactual.mjs
    9:3   warning  'COUNTERFACTUAL_SCHEMA_VERSION' is defined but never used. Allowed unused vars must match /^_/u  no-unused-vars
  150:14  warning  'checkpointHash' is assigned a value but never used. Allowed unused vars must match /^_/u        no-unused-vars
  164:5   warning  'replayVerification' is assigned a value but never used. Allowed unused vars must match /^_/u    no-unused-vars

H:\myProjects\Intrilex-dev2\packages\simulation-runtime\src\policy-catalog.mjs
  1:31  warning  'CORE_POLICY_BY_ID' is defined but never used. Allowed unused vars must match /^_/u  no-unused-vars

H:\myProjects\Intrilex-dev2\packages\simulation-runtime\src\rank-anatomy-registry.mjs
  148:56  warning  'id' is defined but never used. Allowed unused args must match /^_/u  no-unused-vars

H:\myProjects\Intrilex-dev2\packages\simulation-runtime\src\rank-attribution.mjs
  41:9    warning  'form' is assigned a value but never used. Allowed unused vars must match /^_/u        no-unused-vars
  67:103  warning  'viewerMode' is assigned a value but never used. Allowed unused args must match /^_/u  no-unused-vars

H:\myProjects\Intrilex-dev2\packages\simulation-runtime\src\rank-counterfactual.mjs
  12:10  warning  'attributeRankAction' is defined but never used. Allowed unused vars must match /^_/u  no-unused-vars
  12:31  warning  'classifyPlayForm' is defined but never used. Allowed unused vars must match /^_/u     no-unused-vars
  13:25  warning  'CANONICAL_RANKS' is defined but never used. Allowed unused vars must match /^_/u      no-unused-vars

H:\myProjects\Intrilex-dev2\packages\simulation-runtime\src\rank-power.mjs
  21:10  warning  'CANONICAL_RANKS' is defined but never used. Allowed unused vars must match /^_/u  no-unused-vars

H:\myProjects\Intrilex-dev2\packages\simulation-runtime\src\runtime.mjs
  32:31  warning  'DECISION_TRACE_SCHEMA_VERSION' is defined but never used. Allowed unused vars must match /^_/u  no-unused-vars

H:\myProjects\Intrilex-dev2\packages\simulation-runtime\src\variant-registry.mjs
  27:10  warning  'RANK_REGISTRY' is defined but never used. Allowed unused vars must match /^_/u  no-unused-vars

H:\myProjects\Intrilex-dev2\packages\telemetry\src\rank-telemetry.mjs
  11:10  warning  'hashCanonical' is defined but never used. Allowed unused vars must match /^_/u  no-unused-vars
  91:23  warning  'info' is assigned a value but never used. Allowed unused vars must match /^_/u  no-unused-vars

H:\myProjects\Intrilex-dev2\scripts\benchmark-hybrix.mjs
   93:9   warning  'remainder' is assigned a value but never used. Allowed unused vars must match /^_/u  no-unused-vars
  143:14  warning  'err' is defined but never used                                                       no-unused-vars
  163:9   warning  'ci' is assigned a value but never used. Allowed unused vars must match /^_/u         no-unused-vars

H:\myProjects\Intrilex-dev2\scripts\browser-certification-v0161.mjs
  131:12  warning  'walk' is defined but never used. Allowed unused vars must match /^_/u  no-unused-vars
  197:12  warning  'e' is defined but never used                                           no-unused-vars

H:\myProjects\Intrilex-dev2\scripts\browser-e2e-certification.mjs
  1:1  error  Parsing error: Unexpected token .

H:\myProjects\Intrilex-dev2\scripts\browser-ui-smoke-server.mjs
  61:16  warning  'waitFor' is defined but never used. Allowed unused vars must match /^_/u  no-unused-vars

H:\myProjects\Intrilex-dev2\scripts\browser-ui-smoke.mjs
    2:36  warning  'readdir' is defined but never used. Allowed unused vars must match /^_/u              no-unused-vars
   91:12  warning  'e' is defined but never used                                                          no-unused-vars
  112:25  warning  'serverPort' is assigned a value but never used. Allowed unused vars must match /^_/u  no-unused-vars
  162:11  warning  'e' is defined but never used                                                          no-unused-vars

H:\myProjects\Intrilex-dev2\scripts\ci.mjs
  24:10  warning  'tmpdir' is defined but never used. Allowed unused vars must match /^_/u  no-unused-vars

H:\myProjects\Intrilex-dev2\scripts\debug-browser.mjs
    4:10  warning  'existsSync' is defined but never used. Allowed unused vars must match /^_/u              no-unused-vars
   35:12  warning  'e' is defined but never used                                                             no-unused-vars
  110:13  warning  'consoleResult' is assigned a value but never used. Allowed unused vars must match /^_/u  no-unused-vars

H:\myProjects\Intrilex-dev2\scripts\debug-browser2.mjs
  27:12  warning  'e' is defined but never used  no-unused-vars

H:\myProjects\Intrilex-dev2\scripts\dev-server.mjs
  18:3  warning  'bundleManifest' is assigned a value but never used. Allowed unused vars must match /^_/u  no-unused-vars

H:\myProjects\Intrilex-dev2\scripts\generate-autonomy-campaign.mjs
  7:10  warning  'runCampaign' is defined but never used. Allowed unused vars must match /^_/u  no-unused-vars

H:\myProjects\Intrilex-dev2\scripts\generate-decision-traces.mjs
  1:27  warning  'readdir' is defined but never used. Allowed unused vars must match /^_/u  no-unused-vars

H:\myProjects\Intrilex-dev2\scripts\generate-release.mjs
   6:10  warning  'createWriteStream' is defined but never used. Allowed unused vars must match /^_/u  no-unused-vars
   6:58  warning  'statSync' is defined but never used. Allowed unused vars must match /^_/u           no-unused-vars
   7:35  warning  'basename' is defined but never used. Allowed unused vars must match /^_/u           no-unused-vars
  10:10  warning  'spawn' is defined but never used. Allowed unused vars must match /^_/u              no-unused-vars

H:\myProjects\Intrilex-dev2\scripts\generate-self-audit.mjs
  77:7  warning  'hasBrowserParity' is assigned a value but never used. Allowed unused vars must match /^_/u  no-unused-vars

H:\myProjects\Intrilex-dev2\scripts\generate-unrestricted-replays.mjs
  26:7  warning  'stateModule' is assigned a value but never used. Allowed unused vars must match /^_/u     no-unused-vars
  31:7  warning  'IntrilexEngine' is assigned a value but never used. Allowed unused vars must match /^_/u  no-unused-vars

H:\myProjects\Intrilex-dev2\scripts\migrate-campaign-semantic-hashes.mjs
  3:264  warning  'matchResultHash' is assigned a value but never used. Allowed unused vars must match /^_/u  no-unused-vars
  3:280  warning  'provenanceHash' is assigned a value but never used. Allowed unused vars must match /^_/u   no-unused-vars
  3:295  warning  'replayHash' is assigned a value but never used. Allowed unused vars must match /^_/u       no-unused-vars

H:\myProjects\Intrilex-dev2\scripts\probe-decision-command-mapping.mjs
  10:10  warning  'hashCanonical' is defined but never used. Allowed unused vars must match /^_/u           no-unused-vars
  27:7   warning  'postStateHash' is assigned a value but never used. Allowed unused vars must match /^_/u  no-unused-vars

H:\myProjects\Intrilex-dev2\scripts\release-package.mjs
  15:28  warning  'createWriteStream' is defined but never used. Allowed unused vars must match /^_/u  no-unused-vars
  15:76  warning  'existsSync' is defined but never used. Allowed unused vars must match /^_/u         no-unused-vars
  15:88  warning  'statSync' is defined but never used. Allowed unused vars must match /^_/u           no-unused-vars
  16:47  warning  'copyFile' is defined but never used. Allowed unused vars must match /^_/u           no-unused-vars
  17:45  warning  'normalize' is defined but never used. Allowed unused vars must match /^_/u          no-unused-vars
  19:10  warning  'spawnSync' is defined but never used. Allowed unused vars must match /^_/u          no-unused-vars
  20:10  warning  'createGzip' is defined but never used. Allowed unused vars must match /^_/u         no-unused-vars

H:\myProjects\Intrilex-dev2\scripts\truth-drift-check.mjs
  24:29  warning  'stat' is defined but never used. Allowed unused vars must match /^_/u  no-unused-vars

H:\myProjects\Intrilex-dev2\test\diagnostics-fixtures.test.mjs
  27:9  warning  'browserDiagUrl' is assigned a value but never used. Allowed unused vars must match /^_/u  no-unused-vars

H:\myProjects\Intrilex-dev2\test\engine-boundary.test.mjs
  10:1416  warning  'e' is defined but never used  no-unused-vars

H:\myProjects\Intrilex-dev2\test\game-ai.test.mjs
   235:11  warning  'patterns' is assigned a value but never used. Allowed unused vars must match /^_/u  no-unused-vars
  1021:11  warning  'goals1' is assigned a value but never used. Allowed unused vars must match /^_/u    no-unused-vars

H:\myProjects\Intrilex-dev2\test\mimic-ten-diamond.test.mjs
   7:3   warning  'strictPolicyView' is defined but never used. Allowed unused vars must match /^_/u       no-unused-vars
  15:10  warning  'advanceToAction' is defined but never used. Allowed unused vars must match /^_/u        no-unused-vars
  30:10  warning  'findCardByIdentity' is defined but never used. Allowed unused vars must match /^_/u     no-unused-vars
  70:18  warning  'actionState' is assigned a value but never used. Allowed unused vars must match /^_/u   no-unused-vars
  72:9   warning  'mimicActions' is assigned a value but never used. Allowed unused vars must match /^_/u  no-unused-vars

H:\myProjects\Intrilex-dev2\test\play-module.test.mjs
  509:34  warning  'advanceSimulationToDecision' is assigned a value but never used. Allowed unused vars must match /^_/u  no-unused-vars

H:\myProjects\Intrilex-dev2\test\privacy-matrix.test.mjs
  14:7   warning  'SENSITIVE_KEY_RE' is assigned a value but never used. Allowed unused vars must match /^_/u  no-unused-vars
  18:10  warning  'isSwapBar' is defined but never used. Allowed unused vars must match /^_/u                  no-unused-vars
  22:10  warning  'collectIdentities' is defined but never used. Allowed unused vars must match /^_/u          no-unused-vars

H:\myProjects\Intrilex-dev2\test\rank-integration.test.mjs
  11:7  warning  'RANKS' is assigned a value but never used. Allowed unused vars must match /^_/u  no-unused-vars

H:\myProjects\Intrilex-dev2\test\rank-power.test.mjs
  6:3  warning  'CONFIDENCE_THRESHOLDS' is defined but never used. Allowed unused vars must match /^_/u  no-unused-vars
  7:3  warning  'BALANCE_THRESHOLDS' is defined but never used. Allowed unused vars must match /^_/u     no-unused-vars

H:\myProjects\Intrilex-dev2\test\regression.test.mjs
  6:46  warning  'rankPolicyActions' is defined but never used. Allowed unused vars must match /^_/u  no-unused-vars

H:\myProjects\Intrilex-dev2\test\self-audit-truth.test.mjs
  40:9  warning  'claimedPass' is assigned a value but never used. Allowed unused vars must match /^_/u  no-unused-vars

H:\myProjects\Intrilex-dev2\test\test-coverage-meta.test.mjs
  39:9  warning  'runStepCount' is assigned a value but never used. Allowed unused vars must match /^_/u  no-unused-vars

H:\myProjects\Intrilex-dev2\test\unrestricted-browser-smoke.test.mjs
  117:9  warning  'hasUnrestrictedMechanics' is assigned a value but never used. Allowed unused vars must match /^_/u  no-unused-vars

H:\myProjects\Intrilex-dev2\test\unrestricted-core.test.mjs
  7:3  warning  'CORE_ADVANCED_AUTHORITY_PROFILE' is defined but never used. Allowed unused vars must match /^_/u  no-unused-vars

H:\myProjects\Intrilex-dev2\test\v0.10.0-anchor-authority.test.mjs
  19:3  warning  'verifiedAnchorHash' is defined but never used. Allowed unused vars must match /^_/u  no-unused-vars
  27:7  warning  'read' is assigned a value but never used. Allowed unused vars must match /^_/u       no-unused-vars
  45:5  warning  'traceFile' is assigned a value but never used. Allowed unused vars must match /^_/u  no-unused-vars

H:\myProjects\Intrilex-dev2\test\v0.10.0-behavioral.test.mjs
    8:10  warning  'hashCanonical' is defined but never used. Allowed unused vars must match /^_/u                     no-unused-vars
  226:17  warning  'compSum' is assigned a value but never used. Allowed unused vars must match /^_/u                  no-unused-vars
  289:11  warning  'foundExhaustedPassCheck' is assigned a value but never used. Allowed unused vars must match /^_/u  no-unused-vars

H:\myProjects\Intrilex-dev2\test\v0.10.0-contract.test.mjs
  14:10  warning  'createDecisionTrace' is defined but never used. Allowed unused vars must match /^_/u        no-unused-vars
  14:31  warning  'validateDecisionTrace' is defined but never used. Allowed unused vars must match /^_/u      no-unused-vars
  15:35  warning  'isCounterfactualSupported' is defined but never used. Allowed unused vars must match /^_/u  no-unused-vars
  17:10  warning  'REASON_CODE_VOCABULARY' is defined but never used. Allowed unused vars must match /^_/u     no-unused-vars
  18:10  warning  'POLICY_BY_ID' is defined but never used. Allowed unused vars must match /^_/u               no-unused-vars
  19:10  warning  'hashCanonical' is defined but never used. Allowed unused vars must match /^_/u              no-unused-vars
  20:10  warning  'createHybrixAgent' is defined but never used. Allowed unused vars must match /^_/u          no-unused-vars
  20:29  warning  'DEFAULT_CONFIG' is defined but never used. Allowed unused vars must match /^_/u             no-unused-vars

H:\myProjects\Intrilex-dev2\test\v0.16.1-attribution-fixtures.test.mjs
   7:10   warning  'attributeRankAction' is defined but never used. Allowed unused vars must match /^_/u             no-unused-vars
   7:48   warning  'classifyPlayForm' is defined but never used. Allowed unused vars must match /^_/u                no-unused-vars
   7:66   warning  'isNoAttributionAction' is defined but never used. Allowed unused vars must match /^_/u           no-unused-vars
   8:10   warning  'emptyRankCounters' is defined but never used. Allowed unused vars must match /^_/u               no-unused-vars
   8:29   warning  'emptyParticipantRankCounters' is defined but never used. Allowed unused vars must match /^_/u    no-unused-vars
   8:59   warning  'applyDecisionToRankCounters' is defined but never used. Allowed unused vars must match /^_/u     no-unused-vars
   8:88   warning  'applyMatchResultToRankCounters' is defined but never used. Allowed unused vars must match /^_/u  no-unused-vars
   9:10   warning  'emptyVariantCounters' is defined but never used. Allowed unused vars must match /^_/u            no-unused-vars
   9:132  warning  'applyVariantResolution' is defined but never used. Allowed unused vars must match /^_/u          no-unused-vars
  10:26   warning  'entitiesForRank' is defined but never used. Allowed unused vars must match /^_/u                 no-unused-vars
  10:63   warning  'hasSpadeVariant' is defined but never used. Allowed unused vars must match /^_/u                 no-unused-vars
  13:7    warning  'RANKS' is assigned a value but never used. Allowed unused vars must match /^_/u                  no-unused-vars

H:\myProjects\Intrilex-dev2\test\v0.17.0-authority-contracts.test.mjs
  12:3  warning  'reasonRuleRef' is defined but never used. Allowed unused vars must match /^_/u        no-unused-vars
  13:3  warning  'isVisibilitySafe' is defined but never used. Allowed unused vars must match /^_/u     no-unused-vars
  22:3  warning  'windowTypeLabel' is defined but never used. Allowed unused vars must match /^_/u      no-unused-vars
  30:3  warning  'classifyActionRanks' is defined but never used. Allowed unused vars must match /^_/u  no-unused-vars

H:\myProjects\Intrilex-dev2\test\v0.17.0-determinism-privacy-perf.test.mjs
  68:9  warning  'matches' is assigned a value but never used. Allowed unused vars must match /^_/u  no-unused-vars

H:\myProjects\Intrilex-dev2\test\v0.17.0-guidance-tutorial.test.mjs
  8:72  warning  'buildDeeperExplanation' is defined but never used. Allowed unused vars must match /^_/u  no-unused-vars

H:\myProjects\Intrilex-dev2\test\v0.17.0-orchestration.test.mjs
  18:3  warning  'needsTargetSelection' is defined but never used. Allowed unused vars must match /^_/u  no-unused-vars
  23:3  warning  'buildEventLogEntry' is defined but never used. Allowed unused vars must match /^_/u    no-unused-vars

H:\myProjects\Intrilex-dev2\test\v0.17.0-save-recovery.test.mjs
  193:3  warning  'SUPPORTED_PROFILES' is defined but never used. Allowed unused vars must match /^_/u  no-unused-vars

Γ£û 262 problems (2 errors, 260 warnings)

ΓÇëELIFECYCLEΓÇë Command failed with exit code 1.
