{
  "variant": "none",
  "matchCount": 100,
  "durationMs": 65329,
  "rj": {
    "rpi": 0.4889279412994587,
    "confidence": "MEDIUM",
    "raw": {
      "selectionRate": 0.3333333333333333,
      "victoryRate": 0.6,
      "scorePerSelection": 1.5333333333333334,
      "boardPerSelection": 0.26666666666666666,
      "responseRate": 0,
      "observedRankValue": null,
      "causalCoverage": 1
    },
    "sel": 30,
    "opps": 90,
    "fams": {
      "printed-effect": 6,
      "scuttle": 10,
      "scoring": 11,
      "swap": 3
    }
  },
  "bj": {
    "rpi": 0.7100794330779864
  },
  "ladder": [
    {
      "r": "10",
      "rpi": 0.838
    },
    {
      "r": "BJ",
      "rpi": 0.71
    },
    {
      "r": "7",
      "rpi": 0.607
    },
    {
      "r": "8",
      "rpi": 0.594
    },
    {
      "r": "9",
      "rpi": 0.528
    },
    {
      "r": "RJ",
      "rpi": 0.489
    },
    {
      "r": "K",
      "rpi": 0.455
    },
    {
      "r": "5",
      "rpi": 0.442
    },
    {
      "r": "J",
      "rpi": 0.408
    },
    {
      "r": "A",
      "rpi": 0.369
    },
    {
      "r": "6",
      "rpi": 0.358
    },
    {
      "r": "2",
      "rpi": 0.3
    },
    {
      "r": "3",
      "rpi": 0.291
    },
    {
      "r": "Q",
      "rpi": 0.191
    },
    {
      "r": "4",
      "rpi": 0.177
    }
  ]
}
