{
  "variant": "no-hand-swap",
  "matchCount": 100,
  "durationMs": 63317,
  "rj": {
    "rpi": 0.48274610399070644,
    "confidence": "MEDIUM",
    "raw": {
      "selectionRate": 0.3225806451612903,
      "victoryRate": 0.5666666666666667,
      "scorePerSelection": 1.7,
      "boardPerSelection": 0.3,
      "responseRate": 0,
      "observedRankValue": null,
      "causalCoverage": 1
    },
    "sel": 30,
    "opps": 93,
    "fams": {
      "printed-effect": 4,
      "scuttle": 11,
      "scoring": 12,
      "swap": 3
    }
  },
  "bj": {
    "rpi": 0.8364496527017661
  },
  "ladder": [
    {
      "r": "10",
      "rpi": 0.844
    },
    {
      "r": "BJ",
      "rpi": 0.836
    },
    {
      "r": "8",
      "rpi": 0.684
    },
    {
      "r": "7",
      "rpi": 0.603
    },
    {
      "r": "A",
      "rpi": 0.503
    },
    {
      "r": "9",
      "rpi": 0.489
    },
    {
      "r": "RJ",
      "rpi": 0.483
    },
    {
      "r": "K",
      "rpi": 0.473
    },
    {
      "r": "5",
      "rpi": 0.459
    },
    {
      "r": "J",
      "rpi": 0.448
    },
    {
      "r": "6",
      "rpi": 0.424
    },
    {
      "r": "2",
      "rpi": 0.28
    },
    {
      "r": "3",
      "rpi": 0.242
    },
    {
      "r": "Q",
      "rpi": 0.191
    },
    {
      "r": "4",
      "rpi": 0.161
    }
  ]
}
